Last_Chain_Navigate_LinkText~Category_Page_Caption
Collectibles & Art~Collectibles
Electronics~Electronics
Clothing, Shoes & Accessories~Clothing, Shoes & Accessories
Home & Garden~Home & Garden
Parts & Accessories~Vehicles Parts & Accessories
Musical Instruments & Gear~Time to Play
Sporting Goods~All you need to stay active!
Toys & Hobbies~Toys & Hobbies
~All Categories
~All Categories